adr init docs madr
docs/0000-record-architecture-decisions.md
adr new First Decision
docs/0001-first-decision.md
adr new Second Decision
docs/0002-second-decision.md
adr generate toc
# Architecture Decision Records

* [Use Markdown Architectural Decision Records](0000-record-architecture-decisions.md)
* [1. First Decision](0001-first-decision.md)
* [2. Second Decision](0002-second-decision.md)
